// Jest Snapshot v1, https://goo.gl/fbAQLP

exports[`should correctly render LoginPage 1`] = `
<div
  className="box-layout"
>
  <div
    className="box-layout__box"
  >
    <h1
      className="box-layout__title"
    >
      MadGeniusBlink
    </h1>
    <p>
      Unleash the innate creative.
      <br />
       Break Free.
      <br />
        Master Thinking without Thinking.
    </p>
    <button
      className="login-button"
    >
      Enter MadGeniusBlink
    </button>
  </div>
</div>
`;
